// Jest Snapshot v1, https://goo.gl/fbAQLP

exports[`OfferCard render 1`] = `
<article
  className="place-card place-card"
  id={0}
>
  
  <div
    className="cities__image-wrapper place-card__image-wrapper"
  >
    <a
      href="#"
    >
      <img
        alt="Place image"
        className="place-card__image"
        height={200}
        src="img/apartment-small-01.jpg"
        width={260}
      />
    </a>
  </div>
  <div
    className=" place-card__info"
  >
    <div
      className="place-card__price-wrapper"
    >
      <div
        className="place-card__price"
      >
        <b
          className="place-card__price-value"
        >
          €
          100
        </b>
        <span
          className="place-card__price-text"
        >
          /   night
        </span>
      </div>
      <FavoriteButton
        classCard="place-card"
        offer={
          Object {
            "city": "Amsterdam",
            "cityCoordinates": Array [
              52.38333,
              4.9,
            ],
            "coordinates": Array [
              52.3909553943508,
              4.85309666406198,
            ],
            "description": "The delusion emphasizes intelligent common sense, although the opposite is accepted in the official language.",
            "detailsMapZoom": 12,
            "features": Object {
              "adults": 2,
              "badrooms": 1,
              "type": "hotel",
            },
            "id": 0,
            "isFavorite": false,
            "isPremium": false,
            "mapZoom": 10,
            "owner": Object {
              "id": 0,
              "name": "Spider Man",
              "picture": "img/avatar-angelina.jpg",
              "super": true,
            },
            "pictures": Array [
              "img/apartment-small-03.jpg",
              "img/apartment-small-04.jpg",
              "img/room-small.jpg",
              "img/studio-photos.jpg",
            ],
            "previewPictures": "img/apartment-small-01.jpg",
            "price": 100,
            "rating": 3.4,
            "things": Array [
              "Wifi",
              "Heating",
              "Kitchen",
              "Cable TV",
              "Own bathroom",
              "Hair-dryer",
              "AC",
            ],
            "title": "TITLE",
          }
        }
      />
    </div>
    <div
      className="place-card__rating rating"
    >
      <div
        className="place-card__stars rating__stars"
      >
        <span
          style={
            Object {
              "width": "60%",
            }
          }
        />
        <span
          className="visually-hidden"
        >
          Rating
        </span>
      </div>
    </div>
    <h2
      className="place-card__name"
    >
      <a
        href="/offer/0"
        onClick={[Function]}
      >
        $
        TITLE
      </a>
    </h2>
    <p
      className="place-card__type"
    >
      Hotel
    </p>
  </div>
</article>
`;
