// Jest Snapshot v1, https://goo.gl/fbAQLP

exports[`FavoriteList render 1`] = `
<main
  className="page__main page__main--favorites"
>
  <div
    className="page__favorites-container container"
  >
    <section
      className="favorites"
    >
      <h1
        className="favorites__title"
      >
        Saved listing
      </h1>
      <ul
        className="favorites__list"
      >
        <li
          className="favorites__locations-items"
        >
          <div
            className="favorites__locations locations locations--current"
          >
            <div
              className="locations__item"
            >
              <a
                className="locations__item-link"
                href="/"
                onClick={[Function]}
              >
                <span>
                  Amsterdam
                </span>
              </a>
            </div>
          </div>
          <OfferList
            classCard="favorites__card"
            classImageWrapper="favorites__image-wrapper"
            classList="favorites__places"
            offers={
              Array [
                Object {
                  "city": "Amsterdam",
                  "cityCoordinates": Array [
                    52.38333,
                    4.9,
                  ],
                  "coordinates": Array [
                    52.3909553943508,
                    4.85309666406198,
                  ],
                  "description": "The delusion emphasizes intelligent common sense, although the opposite is accepted in the official language.",
                  "detailsMapZoom": 12,
                  "features": Object {
                    "adults": 2,
                    "badrooms": 1,
                    "type": "hotel",
                  },
                  "id": 0,
                  "isFavorite": false,
                  "isPremium": false,
                  "mapZoom": 10,
                  "owner": Object {
                    "id": 0,
                    "name": "Spider Man",
                    "picture": "img/avatar-angelina.jpg",
                    "super": true,
                  },
                  "pictures": Array [
                    "img/apartment-small-03.jpg",
                    "img/apartment-small-04.jpg",
                    "img/room-small.jpg",
                    "img/studio-photos.jpg",
                  ],
                  "previewPictures": "img/apartment-small-01.jpg",
                  "price": 100,
                  "rating": 3,
                  "things": Array [
                    "Wifi",
                    "Heating",
                    "Kitchen",
                    "Cable TV",
                    "Own bathroom",
                    "Hair-dryer",
                    "AC",
                  ],
                  "title": "TITLE",
                },
                Object {
                  "city": "Amsterdam",
                  "cityCoordinates": Array [
                    52.38333,
                    4.9,
                  ],
                  "coordinates": Array [
                    52.3909553943508,
                    4.8530966640619,
                  ],
                  "description": "The delusion emphasizes intelligent common sense, although the opposite is accepted in the official language.",
                  "detailsMapZoom": 12,
                  "features": Object {
                    "adults": 4,
                    "badrooms": 2,
                    "type": "hotel",
                  },
                  "id": 2,
                  "isFavorite": true,
                  "isPremium": false,
                  "mapZoom": 10,
                  "owner": Object {
                    "id": 1,
                    "name": "Iron Man",
                    "picture": "img/avatar-angelina.jpg",
                    "super": false,
                  },
                  "pictures": Array [
                    "img/apartment-small-03.jpg",
                    "img/apartment-small-04.jpg",
                    "img/room-small.jpg",
                    "img/studio-photos.jpg",
                  ],
                  "previewPictures": "img/apartment-small-01.jpg",
                  "price": 200,
                  "rating": 3,
                  "things": Array [
                    "Wifi",
                    "Heating",
                    "Kitchen",
                    "Cable TV",
                    "Own bathroom",
                    "Hair-dryer",
                    "AC",
                  ],
                  "title": "TITLE - 2",
                },
                Object {
                  "city": "Amsterdam",
                  "cityCoordinates": Array [
                    52.38333,
                    4.9,
                  ],
                  "coordinates": Array [
                    52.390955394351,
                    4.85309666406201,
                  ],
                  "description": "The delusion emphasizes intelligent common sense, although the opposite is accepted in the official language.",
                  "detailsMapZoom": 12,
                  "features": Object {
                    "adults": 6,
                    "badrooms": 1,
                    "type": "private room",
                  },
                  "id": 3,
                  "isFavorite": false,
                  "isPremium": true,
                  "mapZoom": 10,
                  "owner": Object {
                    "id": 3,
                    "name": "Billi Willi",
                    "picture": "img/avatar-angelina.jpg",
                    "super": true,
                  },
                  "pictures": Array [
                    "img/apartment-small-03.jpg",
                    "img/apartment-small-04.jpg",
                    "img/room-small.jpg",
                    "img/studio-photos.jpg",
                  ],
                  "previewPictures": "img/apartment-small-01.jpg",
                  "price": 300,
                  "rating": 5,
                  "things": Array [
                    "Wifi",
                    "Heating",
                    "Kitchen",
                    "Cable TV",
                    "Own bathroom",
                    "Hair-dryer",
                    "AC",
                  ],
                  "title": "TITLE - 3",
                },
                Object {
                  "city": "Amsterdam",
                  "cityCoordinates": Array [
                    52.38333,
                    4.9,
                  ],
                  "coordinates": Array [
                    52.3909553943515,
                    4.85309666406196,
                  ],
                  "description": "The delusion emphasizes intelligent common sense, although the opposite is accepted in the official language.",
                  "detailsMapZoom": 12,
                  "features": Object {
                    "adults": 3,
                    "badrooms": 6,
                    "type": "house",
                  },
                  "id": 4,
                  "isFavorite": true,
                  "isPremium": true,
                  "mapZoom": 10,
                  "owner": Object {
                    "id": 4,
                    "name": "Agent 007",
                    "picture": "img/avatar-angelina.jpg",
                    "super": true,
                  },
                  "pictures": Array [
                    "img/apartment-small-03.jpg",
                    "img/apartment-small-04.jpg",
                    "img/room-small.jpg",
                    "img/studio-photos.jpg",
                  ],
                  "previewPictures": "img/apartment-small-01.jpg",
                  "price": 400,
                  "rating": 4,
                  "things": Array [
                    "Wifi",
                    "Heating",
                    "Kitchen",
                    "Cable TV",
                    "Own bathroom",
                    "Hair-dryer",
                    "AC",
                  ],
                  "title": "TITLE - 4",
                },
              ]
            }
          />
        </li>
      </ul>
    </section>
  </div>
</main>
`;
